"use strict";

const a = `"test"`;
const b = `'test'`;
