const a = {
  "foo-foo": `bar`,
  [`bar-bar`]: `foo`,
};
